I (112) esp_image: segment 1: paddr=0007897c vaddr=40800000 sizeESP-ROM:esp32c6-20220919
Build:Sep 19 2022
rst:0x15 (USB_UART_HPSYS),boot:0x1d (SPI_FAST_FLASH_BOOT)
Saved PC:0x40805012
SPIWP:0xee
mode:DIO, clock div:2
load:0x40875730,len:0x1734
load:0x4086b910,len:0xe78
load:0x4086e610,len:0x31a8
entry 0x4086b91a
I (23) boot: ESP-IDF v5.5.3 2nd stage bootloader
I (23) boot: compile time Sep 13 2026 16:15:08
I (24) boot: chip revision: v0.2
I (24) boot: efuse block revision: v0.3
I (24) boot.esp32c6: SPI Speed      : 80MHz
I (25) boot.esp32c6: SPI Mode       : DIO
I (25) boot.esp32c6: SPI Flash Size : 16MB
I (26) boot: Enabling RNG early entropy source...
I (26) boot: Partition Table:
I (27) boot: ## Label            Usage          Type ST Offset   Length
I (28) boot:  0 nvs              WiFi data        01 02 00009000 00006000
I (29) boot:  1 phy_init         RF data          01 01 0000f000 00001000
I (30) boot:  2 factory          factory app      00 00 00010000 00600000
I (31) boot:  3 storage          Unknown data     01 82 00610000 00300000
I (32) boot: End of partition table
I (32) esp_image: segment 0: paddr=00010020 vaddr=42090020 size=68954h (428372) map
I (112) esp_image: segment 1: paddr=0007897c vaddr=40800000 size=0769ch ( 30364) load
I (120) esp_image: segment 2: paddr=00080020 vaddr=42000020 size=887bch (559036) map
I (224) esp_image: segment 3: paddr=001087e4 vaddr=4080769c size=07b78h ( 31608) load
I (232) esp_image: segment 4: paddr=00110364 vaddr=4080f220 size=01e24h (  7716) load
I (237) boot: Loaded app from partition at offset 0x10000
I (238) boot: Disabling RNG early entropy source...
[0;32mI (239) cpu_start: Unicore app[0m
[0;32mI (248) cpu_start: Pro cpu start user code[0m
[0;32mI (248) cpu_start: cpu freq: 160000000 Hz[0m
[0;32mI (248) app_init: Application information:[0m
[0;32mI (249) app_init: Project name:     game_lobby[0m
[0;32mI (249) app_init: App version:      1[0m
[0;32mI (250) app_init: Compile time:     Sep 13 2026 16:15:20[0m
[0;32mI (251) app_init: ELF file SHA256:  381bf03fb0d650d4...[0m
[0;32mI (252) app_init: ESP-IDF:          v5.5.3[0m
[0;32mI (252) efuse_init: Min chip rev:     v0.0[0m
[0;32mI (253) efuse_init: Max chip rev:     v0.99 [0m
[0;32mI (253) efuse_init: Chip rev:         v0.2[0m
[0;32mI (254) heap_init: Initializing. RAM available for dynamic allocation:[0m
[0;32mI (255) heap_init: At 40822EC0 len 00059750 (357 KiB): RAM[0m
[0;32mI (256) heap_init: At 4087C610 len 00002F54 (11 KiB): RAM[0m
[0;32mI (257) heap_init: At 50000000 len 00003FE8 (15 KiB): RTCRAM[0m
[0;32mI (258) spi_flash: detected chip: generic[0m
[0;32mI (259) spi_flash: flash io: dio[0m
[0;32mI (259) sleep_gpio: Configure to isolate all GPIO pins in sleep state[0m
[0;32mI (260) sleep_gpio: Enable automatic switching of GPIO sleep configuration[0m
[0;32mI (261) main_task: Started on CPU0[0m
[0;32mI (261) main_task: Calling app_main()[0m
[0;32mI (261) game_lobby: Starting Pocket Arcade lobby[0m
[0;32mI (269) game_2048_store: Loaded 2048 save: score=496 best=496[0m
[0;32mI (269) game_lobby: 2048 archive storage: NVS ready[0m
[0;32mI (272) axp2101: Init PMU SUCCESS![0m
[0;32mI (278) axp2101: Battery status: valid=yes connected=yes charging=no usb=yes percent=100[0m
[0;32mI (400) imu: QMI8658 ready addr=0x6b accel_g=(-0.043,0.001,-1.049) gyro_rad_s=(0.228,0.067,0.000)[0m
[0;32mI (401) DisplayPort: SPI BUS init[0m
[0;32mI (402) DisplayPort: Install panel IO[0m
[0;32mI (402) sh8601: LCD panel create success, version: 1.0.0[0m
[0;33mW (1304) sh8601: The 3Ah command has been used and will be overwritten by external initialization sequence[0m
[0;33mW (1304) sh8601: The 36h command has been used and will be overwritten by external initialization sequence[0m
[0;32mI (1479) CST9217: Checkcode: 0x204ECACA[0m
[0;32mI (1481) CST9217: Resolution X: 480, Y: 480[0m
[0;32mI (1483) CST9217: Chip Type: 0x9220, ProjectID: 0x542F[0m
[0;32mI (1484) esp_lvgl:adapter: LVGL adapter initialized successfully[0m
[0;32mI (1488) esp_lvgl:touch: Touch input device registered successfully (IRQ mode: enabled)[0m
[0;32mI (1490) esp_lvgl:adapter: LVGL task started successfully[0m
[0;32mI (1559) game_lobby: Page keys ready: previous=GPIO9 next=GPIO10[0m
[0;32mI (1560) game_lobby: Chinese lobby ready: 480x480, 9 entries, brightness 78%[0m
[0;32mI (1560) main_task: Returned from app_main()[0m
